Archive member included because of file (symbol)

d:/emb prog/sdk_win_64/sdk_win_64/winavr/bin/../lib/gcc/avr/4.3.3/avr5\libgcc.a(_udivmodhi4.o)
                              ./APP/APP.o (__udivmodhi4)
d:/emb prog/sdk_win_64/sdk_win_64/winavr/bin/../lib/gcc/avr/4.3.3/avr5\libgcc.a(_udivmodsi4.o)
                              ./HAL/LCD/LCD_Program.o (__udivmodsi4)
d:/emb prog/sdk_win_64/sdk_win_64/winavr/bin/../lib/gcc/avr/4.3.3/avr5\libgcc.a(_exit.o)
                              d:/emb prog/sdk_win_64/sdk_win_64/winavr/bin/../lib/gcc/avr/4.3.3/../../../../avr/lib/avr5/crtm32.o (exit)
d:/emb prog/sdk_win_64/sdk_win_64/winavr/bin/../lib/gcc/avr/4.3.3/avr5\libgcc.a(_copy_data.o)
                              ./APP/APP.o (__do_copy_data)
d:/emb prog/sdk_win_64/sdk_win_64/winavr/bin/../lib/gcc/avr/4.3.3/avr5\libgcc.a(_clear_bss.o)
                              ./MCAL/USART/source/USART.o (__do_clear_bss)

Allocating common symbols
Common symbol       size              file

Pin_Number          0x1               ./MCAL/DIO/DIO_Program.o
USART_RX_CBF        0x2               ./MCAL/USART/source/USART.o
USART_TX_CBF        0x2               ./MCAL/USART/source/USART.o
USART_UDR_CBF       0x2               ./MCAL/USART/source/USART.o

Memory Configuration

Name             Origin             Length             Attributes
text             0x00000000         0x00020000         xr
data             0x00800060         0x0000ffa0         rw !x
eeprom           0x00810000         0x00010000         rw !x
fuse             0x00820000         0x00000400         rw !x
lock             0x00830000         0x00000400         rw !x
signature        0x00840000         0x00000400         rw !x
*default*        0x00000000         0xffffffff

Linker script and memory map

LOAD d:/emb prog/sdk_win_64/sdk_win_64/winavr/bin/../lib/gcc/avr/4.3.3/../../../../avr/lib/avr5/crtm32.o
LOAD ./MCAL/USART/source/USART.o
LOAD ./MCAL/TIMS/source/TIMS.o
LOAD ./MCAL/GPIO/source/GPIO.o
LOAD ./MCAL/DIO/DIO_Program.o
LOAD ./HAL/LCD/LCD_Program.o
LOAD ./HAL/L298N/source/L298N.o
LOAD ./HAL/BLUETOOTH/source/BLUETOOTH.o
LOAD ./APP/APP.o
LOAD ./main.o
LOAD d:/emb prog/sdk_win_64/sdk_win_64/winavr/bin/../lib/gcc/avr/4.3.3/avr5\libgcc.a
LOAD d:/emb prog/sdk_win_64/sdk_win_64/winavr/bin/../lib/gcc/avr/4.3.3/../../../../avr/lib/avr5\libc.a
LOAD d:/emb prog/sdk_win_64/sdk_win_64/winavr/bin/../lib/gcc/avr/4.3.3/avr5\libgcc.a

.hash
 *(.hash)

.dynsym
 *(.dynsym)

.dynstr
 *(.dynstr)

.gnu.version
 *(.gnu.version)

.gnu.version_d
 *(.gnu.version_d)

.gnu.version_r
 *(.gnu.version_r)

.rel.init
 *(.rel.init)

.rela.init
 *(.rela.init)

.rel.text
 *(.rel.text)
 *(.rel.text.*)
 *(.rel.gnu.linkonce.t*)

.rela.text
 *(.rela.text)
 *(.rela.text.*)
 *(.rela.gnu.linkonce.t*)

.rel.fini
 *(.rel.fini)

.rela.fini
 *(.rela.fini)

.rel.rodata
 *(.rel.rodata)
 *(.rel.rodata.*)
 *(.rel.gnu.linkonce.r*)

.rela.rodata
 *(.rela.rodata)
 *(.rela.rodata.*)
 *(.rela.gnu.linkonce.r*)

.rel.data
 *(.rel.data)
 *(.rel.data.*)
 *(.rel.gnu.linkonce.d*)

.rela.data
 *(.rela.data)
 *(.rela.data.*)
 *(.rela.gnu.linkonce.d*)

.rel.ctors
 *(.rel.ctors)

.rela.ctors
 *(.rela.ctors)

.rel.dtors
 *(.rel.dtors)

.rela.dtors
 *(.rela.dtors)

.rel.got
 *(.rel.got)

.rela.got
 *(.rela.got)

.rel.bss
 *(.rel.bss)

.rela.bss
 *(.rela.bss)

.rel.plt
 *(.rel.plt)

.rela.plt
 *(.rela.plt)

.text           0x00000000     0x10ba
 *(.vectors)
 .vectors       0x00000000       0x54 d:/emb prog/sdk_win_64/sdk_win_64/winavr/bin/../lib/gcc/avr/4.3.3/../../../../avr/lib/avr5/crtm32.o
                0x00000000                __vectors
                0x00000000                __vector_default
 *(.vectors)
 *(.progmem.gcc*)
 *(.progmem*)
                0x00000054                . = ALIGN (0x2)
                0x00000054                __trampolines_start = .
 *(.trampolines)
 .trampolines   0x00000054        0x0 linker stubs
 *(.trampolines*)
                0x00000054                __trampolines_end = .
 *(.jumptables)
 *(.jumptables*)
 *(.lowtext)
 *(.lowtext*)
                0x00000054                __ctors_start = .
 *(.ctors)
                0x00000054                __ctors_end = .
                0x00000054                __dtors_start = .
 *(.dtors)
                0x00000054                __dtors_end = .
 SORT(*)(.ctors)
 SORT(*)(.dtors)
 *(.init0)
 .init0         0x00000054        0x0 d:/emb prog/sdk_win_64/sdk_win_64/winavr/bin/../lib/gcc/avr/4.3.3/../../../../avr/lib/avr5/crtm32.o
                0x00000054                __init
 *(.init0)
 *(.init1)
 *(.init1)
 *(.init2)
 .init2         0x00000054        0xc d:/emb prog/sdk_win_64/sdk_win_64/winavr/bin/../lib/gcc/avr/4.3.3/../../../../avr/lib/avr5/crtm32.o
 *(.init2)
 *(.init3)
 *(.init3)
 *(.init4)
 .init4         0x00000060       0x16 d:/emb prog/sdk_win_64/sdk_win_64/winavr/bin/../lib/gcc/avr/4.3.3/avr5\libgcc.a(_copy_data.o)
                0x00000060                __do_copy_data
 .init4         0x00000076       0x10 d:/emb prog/sdk_win_64/sdk_win_64/winavr/bin/../lib/gcc/avr/4.3.3/avr5\libgcc.a(_clear_bss.o)
                0x00000076                __do_clear_bss
 *(.init4)
 *(.init5)
 *(.init5)
 *(.init6)
 *(.init6)
 *(.init7)
 *(.init7)
 *(.init8)
 *(.init8)
 *(.init9)
 .init9         0x00000086        0x8 d:/emb prog/sdk_win_64/sdk_win_64/winavr/bin/../lib/gcc/avr/4.3.3/../../../../avr/lib/avr5/crtm32.o
 *(.init9)
 *(.text)
 .text          0x0000008e        0x4 d:/emb prog/sdk_win_64/sdk_win_64/winavr/bin/../lib/gcc/avr/4.3.3/../../../../avr/lib/avr5/crtm32.o
                0x0000008e                __vector_1
                0x0000008e                __vector_12
                0x0000008e                __bad_interrupt
                0x0000008e                __vector_3
                0x0000008e                __vector_11
                0x0000008e                __vector_17
                0x0000008e                __vector_19
                0x0000008e                __vector_5
                0x0000008e                __vector_4
                0x0000008e                __vector_2
                0x0000008e                __vector_10
                0x0000008e                __vector_16
                0x0000008e                __vector_18
                0x0000008e                __vector_20
 .text          0x00000092        0x0 ./MCAL/USART/source/USART.o
 .text          0x00000092        0x0 ./MCAL/TIMS/source/TIMS.o
 .text          0x00000092        0x0 ./MCAL/GPIO/source/GPIO.o
 .text          0x00000092        0x0 ./MCAL/DIO/DIO_Program.o
 .text          0x00000092        0x0 ./HAL/LCD/LCD_Program.o
 .text          0x00000092        0x0 ./HAL/L298N/source/L298N.o
 .text          0x00000092        0x0 ./HAL/BLUETOOTH/source/BLUETOOTH.o
 .text          0x00000092        0x0 ./APP/APP.o
 .text          0x00000092        0x0 ./main.o
 .text          0x00000092        0x0 d:/emb prog/sdk_win_64/sdk_win_64/winavr/bin/../lib/gcc/avr/4.3.3/avr5\libgcc.a(_udivmodhi4.o)
 .text          0x00000092        0x0 d:/emb prog/sdk_win_64/sdk_win_64/winavr/bin/../lib/gcc/avr/4.3.3/avr5\libgcc.a(_udivmodsi4.o)
 .text          0x00000092        0x0 d:/emb prog/sdk_win_64/sdk_win_64/winavr/bin/../lib/gcc/avr/4.3.3/avr5\libgcc.a(_exit.o)
 .text          0x00000092        0x0 d:/emb prog/sdk_win_64/sdk_win_64/winavr/bin/../lib/gcc/avr/4.3.3/avr5\libgcc.a(_copy_data.o)
 .text          0x00000092        0x0 d:/emb prog/sdk_win_64/sdk_win_64/winavr/bin/../lib/gcc/avr/4.3.3/avr5\libgcc.a(_clear_bss.o)
                0x00000092                . = ALIGN (0x2)
 *(.text.*)
 .text.USART_DisableReciver
                0x00000092        0x4 ./MCAL/USART/source/USART.o
                0x00000092                USART_DisableReciver
 .text.USART_DisableTransmitter
                0x00000096        0x4 ./MCAL/USART/source/USART.o
                0x00000096                USART_DisableTransmitter
 .text.USART_EnableReciver
                0x0000009a        0x4 ./MCAL/USART/source/USART.o
                0x0000009a                USART_EnableReciver
 .text.USART_EnableTransmitter
                0x0000009e        0x4 ./MCAL/USART/source/USART.o
                0x0000009e                USART_EnableTransmitter
 .text.USART_Init
                0x000000a2       0x30 ./MCAL/USART/source/USART.o
                0x000000a2                USART_Init
 .text.USART_SendChar
                0x000000d2        0xc ./MCAL/USART/source/USART.o
                0x000000d2                USART_SendChar
 .text.USART_RecieveChar
                0x000000de        0x8 ./MCAL/USART/source/USART.o
                0x000000de                USART_RecieveChar
 .text.USART_RX_INT
                0x000000e6        0x4 ./MCAL/USART/source/USART.o
                0x000000e6                USART_RX_INT
 .text.USART_TX_INT
                0x000000ea        0x4 ./MCAL/USART/source/USART.o
                0x000000ea                USART_TX_INT
 .text.USART_UDR_INT
                0x000000ee        0x4 ./MCAL/USART/source/USART.o
                0x000000ee                USART_UDR_INT
 .text.USART_RXSetCBF
                0x000000f2        0xa ./MCAL/USART/source/USART.o
                0x000000f2                USART_RXSetCBF
 .text.USART_UDRXSetCBF
                0x000000fc        0xa ./MCAL/USART/source/USART.o
                0x000000fc                USART_UDRXSetCBF
 .text.USART_TXSetCBF
                0x00000106        0xa ./MCAL/USART/source/USART.o
                0x00000106                USART_TXSetCBF
 .text.__vector_13
                0x00000110       0x4e ./MCAL/USART/source/USART.o
                0x00000110                __vector_13
 .text.__vector_14
                0x0000015e       0x4e ./MCAL/USART/source/USART.o
                0x0000015e                __vector_14
 .text.__vector_15
                0x000001ac       0x4e ./MCAL/USART/source/USART.o
                0x000001ac                __vector_15
 .text.TIMER1_Init
                0x000001fa       0x44 ./MCAL/TIMS/source/TIMS.o
                0x000001fa                TIMER1_Init
 .text.TIMER1_SetCompareA
                0x0000023e        0x6 ./MCAL/TIMS/source/TIMS.o
                0x0000023e                TIMER1_SetCompareA
 .text.TIMER1_SetCompareB
                0x00000244        0x6 ./MCAL/TIMS/source/TIMS.o
                0x00000244                TIMER1_SetCompareB
 .text.TIMER1_SetTopValue
                0x0000024a        0x6 ./MCAL/TIMS/source/TIMS.o
                0x0000024a                TIMER1_SetTopValue
 .text.TIMER1_OVFSetCBF
                0x00000250        0xa ./MCAL/TIMS/source/TIMS.o
                0x00000250                TIMER1_OVFSetCBF
 .text.TIMER1_COMPBSetCBF
                0x0000025a        0xa ./MCAL/TIMS/source/TIMS.o
                0x0000025a                TIMER1_COMPBSetCBF
 .text.TIMER1_COMPASetCBF
                0x00000264        0xa ./MCAL/TIMS/source/TIMS.o
                0x00000264                TIMER1_COMPASetCBF
 .text.TIMER1_ICUSetCBF
                0x0000026e        0xa ./MCAL/TIMS/source/TIMS.o
                0x0000026e                TIMER1_ICUSetCBF
 .text.__vector_9
                0x00000278       0x4e ./MCAL/TIMS/source/TIMS.o
                0x00000278                __vector_9
 .text.__vector_8
                0x000002c6       0x4e ./MCAL/TIMS/source/TIMS.o
                0x000002c6                __vector_8
 .text.__vector_7
                0x00000314       0x4e ./MCAL/TIMS/source/TIMS.o
                0x00000314                __vector_7
 .text.__vector_6
                0x00000362       0x4e ./MCAL/TIMS/source/TIMS.o
                0x00000362                __vector_6
 .text.GPIO_SetPinDirection
                0x000003b0       0xdc ./MCAL/GPIO/source/GPIO.o
                0x000003b0                GPIO_SetPinDirection
 .text.GPIO_SetPinValue
                0x0000048c       0xdc ./MCAL/GPIO/source/GPIO.o
                0x0000048c                GPIO_SetPinValue
 .text.GPIO_GetPinValue
                0x00000568       0x40 ./MCAL/GPIO/source/GPIO.o
                0x00000568                GPIO_GetPinValue
 .text.GPIO_TogglePinValue
                0x000005a8       0x6a ./MCAL/GPIO/source/GPIO.o
                0x000005a8                GPIO_TogglePinValue
 .text.GPIO_SetPortDirection
                0x00000612       0x22 ./MCAL/GPIO/source/GPIO.o
                0x00000612                GPIO_SetPortDirection
 .text.GPIO_SetPortValue
                0x00000634       0x22 ./MCAL/GPIO/source/GPIO.o
                0x00000634                GPIO_SetPortValue
 .text.GPIO_SetMSB
                0x00000656       0x52 ./MCAL/GPIO/source/GPIO.o
                0x00000656                GPIO_SetMSB
 .text.GPIO_SetNibble
                0x000006a8       0x9e ./MCAL/GPIO/source/GPIO.o
                0x000006a8                GPIO_SetNibble
 .text.DIO_u8SetPinDirection
                0x00000746       0xf4 ./MCAL/DIO/DIO_Program.o
                0x00000746                DIO_u8SetPinDirection
 .text.DIO_u8SetPinValue
                0x0000083a      0x100 ./MCAL/DIO/DIO_Program.o
                0x0000083a                DIO_u8SetPinValue
 .text.DIO_u8SetPortValue
                0x0000093a       0x22 ./MCAL/DIO/DIO_Program.o
                0x0000093a                DIO_u8SetPortValue
 .text.DIO_u8SetPortDirection
                0x0000095c       0x22 ./MCAL/DIO/DIO_Program.o
                0x0000095c                DIO_u8SetPortDirection
 .text.DIO_u8Set4MSB_BitsValue
                0x0000097e       0x52 ./MCAL/DIO/DIO_Program.o
                0x0000097e                DIO_u8Set4MSB_BitsValue
 .text.LCD_voidSendData
                0x000009d0       0x74 ./HAL/LCD/LCD_Program.o
                0x000009d0                LCD_voidSendData
 .text.LCD_voidSendNumber
                0x00000a44       0xc2 ./HAL/LCD/LCD_Program.o
                0x00000a44                LCD_voidSendNumber
 .text.LCD_voidSendCommand
                0x00000b06       0x74 ./HAL/LCD/LCD_Program.o
                0x00000b06                LCD_voidSendCommand
 .text.LCD_voidSetPosition
                0x00000b7a       0x1c ./HAL/LCD/LCD_Program.o
                0x00000b7a                LCD_voidSetPosition
 .text.LCD_voidSendString
                0x00000b96       0x4e ./HAL/LCD/LCD_Program.o
                0x00000b96                LCD_voidSendString
 .text.LCD_voidPortControl
                0x00000be4       0x28 ./HAL/LCD/LCD_Program.o
                0x00000be4                LCD_voidPortControl
 .text.LCD_voidInit
                0x00000c0c       0x92 ./HAL/LCD/LCD_Program.o
                0x00000c0c                LCD_voidInit
 .text.L298N_Move
                0x00000c9e       0xf0 ./HAL/L298N/source/L298N.o
                0x00000c9e                L298N_Move
 .text.L298N_Init
                0x00000d8e       0x4a ./HAL/L298N/source/L298N.o
                0x00000d8e                L298N_Init
 .text.BLUETOOTH_DataIntEnable
                0x00000dd8        0x6 ./HAL/BLUETOOTH/source/BLUETOOTH.o
                0x00000dd8                BLUETOOTH_DataIntEnable
 .text.BLUETOOTH_TxIntEnable
                0x00000dde        0x6 ./HAL/BLUETOOTH/source/BLUETOOTH.o
                0x00000dde                BLUETOOTH_TxIntEnable
 .text.BLUETOOTH_RxIntEnable
                0x00000de4        0x6 ./HAL/BLUETOOTH/source/BLUETOOTH.o
                0x00000de4                BLUETOOTH_RxIntEnable
 .text.BLUETOOTH_Receive
                0x00000dea        0x6 ./HAL/BLUETOOTH/source/BLUETOOTH.o
                0x00000dea                BLUETOOTH_Receive
 .text.BLUETOOTH_Send
                0x00000df0        0x6 ./HAL/BLUETOOTH/source/BLUETOOTH.o
                0x00000df0                BLUETOOTH_Send
 .text.BLUETOOTH_Init
                0x00000df6        0x6 ./HAL/BLUETOOTH/source/BLUETOOTH.o
                0x00000df6                BLUETOOTH_Init
 .text.APP_Control
                0x00000dfc      0x19e ./APP/APP.o
                0x00000dfc                APP_Control
 .text.APP_Read
                0x00000f9a       0x50 ./APP/APP.o
                0x00000f9a                APP_Read
 .text.APP_init
                0x00000fea        0xe ./APP/APP.o
                0x00000fea                APP_init
 .text.main     0x00000ff8       0x52 ./main.o
                0x00000ff8                main
 .text.libgcc   0x0000104a       0x28 d:/emb prog/sdk_win_64/sdk_win_64/winavr/bin/../lib/gcc/avr/4.3.3/avr5\libgcc.a(_udivmodhi4.o)
                0x0000104a                __udivmodhi4
 .text.libgcc   0x00001072       0x44 d:/emb prog/sdk_win_64/sdk_win_64/winavr/bin/../lib/gcc/avr/4.3.3/avr5\libgcc.a(_udivmodsi4.o)
                0x00001072                __udivmodsi4
 .text.libgcc   0x000010b6        0x0 d:/emb prog/sdk_win_64/sdk_win_64/winavr/bin/../lib/gcc/avr/4.3.3/avr5\libgcc.a(_exit.o)
 .text.libgcc   0x000010b6        0x0 d:/emb prog/sdk_win_64/sdk_win_64/winavr/bin/../lib/gcc/avr/4.3.3/avr5\libgcc.a(_copy_data.o)
 .text.libgcc   0x000010b6        0x0 d:/emb prog/sdk_win_64/sdk_win_64/winavr/bin/../lib/gcc/avr/4.3.3/avr5\libgcc.a(_clear_bss.o)
                0x000010b6                . = ALIGN (0x2)
 *(.fini9)
 .fini9         0x000010b6        0x0 d:/emb prog/sdk_win_64/sdk_win_64/winavr/bin/../lib/gcc/avr/4.3.3/avr5\libgcc.a(_exit.o)
                0x000010b6                exit
                0x000010b6                _exit
 *(.fini9)
 *(.fini8)
 *(.fini8)
 *(.fini7)
 *(.fini7)
 *(.fini6)
 *(.fini6)
 *(.fini5)
 *(.fini5)
 *(.fini4)
 *(.fini4)
 *(.fini3)
 *(.fini3)
 *(.fini2)
 *(.fini2)
 *(.fini1)
 *(.fini1)
 *(.fini0)
 .fini0         0x000010b6        0x4 d:/emb prog/sdk_win_64/sdk_win_64/winavr/bin/../lib/gcc/avr/4.3.3/avr5\libgcc.a(_exit.o)
 *(.fini0)
                0x000010ba                _etext = .

.data           0x00800060       0x22 load address 0x000010ba
                0x00800060                PROVIDE (__data_start, .)
 *(.data)
 .data          0x00800060        0x0 d:/emb prog/sdk_win_64/sdk_win_64/winavr/bin/../lib/gcc/avr/4.3.3/../../../../avr/lib/avr5/crtm32.o
 .data          0x00800060        0x0 ./MCAL/USART/source/USART.o
 .data          0x00800060        0x0 ./MCAL/TIMS/source/TIMS.o
 .data          0x00800060        0x0 ./MCAL/GPIO/source/GPIO.o
 .data          0x00800060        0x0 ./MCAL/DIO/DIO_Program.o
 .data          0x00800060        0x0 ./HAL/LCD/LCD_Program.o
 .data          0x00800060        0x0 ./HAL/L298N/source/L298N.o
 .data          0x00800060        0x0 ./HAL/BLUETOOTH/source/BLUETOOTH.o
 .data          0x00800060       0x21 ./APP/APP.o
 .data          0x00800081        0x0 ./main.o
 .data          0x00800081        0x0 d:/emb prog/sdk_win_64/sdk_win_64/winavr/bin/../lib/gcc/avr/4.3.3/avr5\libgcc.a(_udivmodhi4.o)
 .data          0x00800081        0x0 d:/emb prog/sdk_win_64/sdk_win_64/winavr/bin/../lib/gcc/avr/4.3.3/avr5\libgcc.a(_udivmodsi4.o)
 .data          0x00800081        0x0 d:/emb prog/sdk_win_64/sdk_win_64/winavr/bin/../lib/gcc/avr/4.3.3/avr5\libgcc.a(_exit.o)
 .data          0x00800081        0x0 d:/emb prog/sdk_win_64/sdk_win_64/winavr/bin/../lib/gcc/avr/4.3.3/avr5\libgcc.a(_copy_data.o)
 .data          0x00800081        0x0 d:/emb prog/sdk_win_64/sdk_win_64/winavr/bin/../lib/gcc/avr/4.3.3/avr5\libgcc.a(_clear_bss.o)
 *(.data*)
 *(.rodata)
 *(.rodata*)
 *(.gnu.linkonce.d*)
                0x00800082                . = ALIGN (0x2)
 *fill*         0x00800081        0x1 00
                0x00800082                _edata = .
                0x00800082                PROVIDE (__data_end, .)

.bss            0x00800082        0xf
                0x00800082                PROVIDE (__bss_start, .)
 *(.bss)
 .bss           0x00800082        0x0 d:/emb prog/sdk_win_64/sdk_win_64/winavr/bin/../lib/gcc/avr/4.3.3/../../../../avr/lib/avr5/crtm32.o
 .bss           0x00800082        0x0 ./MCAL/USART/source/USART.o
 .bss           0x00800082        0x0 ./MCAL/TIMS/source/TIMS.o
 .bss           0x00800082        0x0 ./MCAL/GPIO/source/GPIO.o
 .bss           0x00800082        0x0 ./MCAL/DIO/DIO_Program.o
 .bss           0x00800082        0x0 ./HAL/LCD/LCD_Program.o
 .bss           0x00800082        0x0 ./HAL/L298N/source/L298N.o
 .bss           0x00800082        0x0 ./HAL/BLUETOOTH/source/BLUETOOTH.o
 .bss           0x00800082        0x0 ./APP/APP.o
 .bss           0x00800082        0x0 ./main.o
 .bss           0x00800082        0x0 d:/emb prog/sdk_win_64/sdk_win_64/winavr/bin/../lib/gcc/avr/4.3.3/avr5\libgcc.a(_udivmodhi4.o)
 .bss           0x00800082        0x0 d:/emb prog/sdk_win_64/sdk_win_64/winavr/bin/../lib/gcc/avr/4.3.3/avr5\libgcc.a(_udivmodsi4.o)
 .bss           0x00800082        0x0 d:/emb prog/sdk_win_64/sdk_win_64/winavr/bin/../lib/gcc/avr/4.3.3/avr5\libgcc.a(_exit.o)
 .bss           0x00800082        0x0 d:/emb prog/sdk_win_64/sdk_win_64/winavr/bin/../lib/gcc/avr/4.3.3/avr5\libgcc.a(_copy_data.o)
 .bss           0x00800082        0x0 d:/emb prog/sdk_win_64/sdk_win_64/winavr/bin/../lib/gcc/avr/4.3.3/avr5\libgcc.a(_clear_bss.o)
 *(.bss*)
 .bss.TIMER1_Ptr_OVF
                0x00800082        0x2 ./MCAL/TIMS/source/TIMS.o
 .bss.TIMER1_Ptr_COMPB
                0x00800084        0x2 ./MCAL/TIMS/source/TIMS.o
 .bss.TIMER1_Ptr_COMPA
                0x00800086        0x2 ./MCAL/TIMS/source/TIMS.o
 .bss.TIMER1_Ptr_ICU
                0x00800088        0x2 ./MCAL/TIMS/source/TIMS.o
 *(COMMON)
 COMMON         0x0080008a        0x6 ./MCAL/USART/source/USART.o
                0x0080008a                USART_RX_CBF
                0x0080008c                USART_TX_CBF
                0x0080008e                USART_UDR_CBF
 COMMON         0x00800090        0x1 ./MCAL/DIO/DIO_Program.o
                0x00800090                Pin_Number
                0x00800091                PROVIDE (__bss_end, .)
                0x000010ba                __data_load_start = LOADADDR (.data)
                0x000010dc                __data_load_end = (__data_load_start + SIZEOF (.data))

.noinit         0x00800091        0x0
                0x00800091                PROVIDE (__noinit_start, .)
 *(.noinit*)
                0x00800091                PROVIDE (__noinit_end, .)
                0x00800091                _end = .
                0x00800091                PROVIDE (__heap_start, .)

.eeprom         0x00810000        0x0
 *(.eeprom*)
                0x00810000                __eeprom_end = .

.fuse
 *(.fuse)
 *(.lfuse)
 *(.hfuse)
 *(.efuse)

.lock
 *(.lock*)

.signature
 *(.signature*)

.stab           0x00000000     0x29e8
 *(.stab)
 .stab          0x00000000      0x6fc ./MCAL/USART/source/USART.o
 .stab          0x000006fc      0x4f8 ./MCAL/TIMS/source/TIMS.o
                                0x6c0 (size before relaxing)
 .stab          0x00000bf4      0x63c ./MCAL/GPIO/source/GPIO.o
                                0x804 (size before relaxing)
 .stab          0x00001230      0x4f8 ./MCAL/DIO/DIO_Program.o
                                0x6cc (size before relaxing)
 .stab          0x00001728      0x918 ./HAL/LCD/LCD_Program.o
                                0x924 (size before relaxing)
 .stab          0x00002040      0x2d0 ./HAL/L298N/source/L298N.o
                                0x4a4 (size before relaxing)
 .stab          0x00002310      0x210 ./HAL/BLUETOOTH/source/BLUETOOTH.o
                                0x2ac (size before relaxing)
 .stab          0x00002520      0x354 ./APP/APP.o
                                0x414 (size before relaxing)
 .stab          0x00002874      0x174 ./main.o
                                0x210 (size before relaxing)

.stabstr        0x00000000     0x27d7
 *(.stabstr)
 .stabstr       0x00000000     0x27d7 ./MCAL/USART/source/USART.o

.stab.excl
 *(.stab.excl)

.stab.exclstr
 *(.stab.exclstr)

.stab.index
 *(.stab.index)

.stab.indexstr
 *(.stab.indexstr)

.comment
 *(.comment)

.debug
 *(.debug)

.line
 *(.line)

.debug_srcinfo
 *(.debug_srcinfo)

.debug_sfnames
 *(.debug_sfnames)

.debug_aranges
 *(.debug_aranges)

.debug_pubnames
 *(.debug_pubnames)

.debug_info
 *(.debug_info)
 *(.gnu.linkonce.wi.*)

.debug_abbrev
 *(.debug_abbrev)

.debug_line
 *(.debug_line)

.debug_frame
 *(.debug_frame)

.debug_str
 *(.debug_str)

.debug_loc
 *(.debug_loc)

.debug_macinfo
 *(.debug_macinfo)
OUTPUT(Car_Final.elf elf32-avr)
LOAD linker stubs
